
> speak-up@0.0.0 build
> ng build

npm : Node.js version v20.11.0 detected.
Au caractère Ligne:1 : 24
+ cd ../speakup/speakup; npm run build > build_output.txt 2>&1; Get-Con ...
+                        ~~~~~~~~~~~~~~~~~~~~~~~~~~~~~~~~~~~~~
    + CategoryInfo          : NotSpecified: (Node.js version v20.11.0 detected.:String) [], RemoteException
    + FullyQualifiedErrorId : NativeCommandError
 
The Angular CLI requires a minimum Node.js version of v20.19 or v22.12.

Bypassing and running anyway.

Node.js version v20.11.0 detected.
The Angular CLI requires a minimum of v20.19.

Bypassing and running anyway.
[33mÔØ»[39m Building...
[32mÔ£ö[39m Building...
Application bundle generation failed. [17.364 seconds] - 2026-07-01T13:01:08.083Z

[1m[33m[33mÔû▓ [43;33m[[43;30mWARNING[43;33m][0m [1mNG8107: NG8107: The left side of this optional chain operation does not include 'null' or 
'undefined' in its type, therefore the '?.' operator can be safely removed. Find more at https://v21.angular.dev/extended-diagnostics/NG8107[0m 
[1m[35m[plugin angular-compiler][0m

    src/app/components/student/exercises.ts:919:121:
[37m      919 Ôöé ...-align:center">{{ [32mactiveWords()?.[currentCardIdx()][37m?.word }}</h2>
          ÔòÁ                      [32m~~~~~~~~~~~~~~~~~~~~~~~~~~~~~~~~~[0m


[33mÔû▓ [43;33m[[43;30mWARNING[43;33m][0m [1mNG8107: NG8107: The left side of this optional chain operation does not include 'null' or 'undefined' in 
its type, therefore the '?.' operator can be safely removed. Find more at https://v21.angular.dev/extended-diagnostics/NG8107[0m [1m[35m[plugin 
angular-compiler][0m

    src/app/components/student/exercises.ts:920:57:
[37m      920 Ôöé ...ck)="speakWord([32mactiveWords()?.[currentCardIdx()][37m?.word); $even...
          ÔòÁ                   [32m~~~~~~~~~~~~~~~~~~~~~~~~~~~~~~~~~[0m


[33mÔû▓ [43;33m[[43;30mWARNING[43;33m][0m [1mNG8107: NG8107: The left side of this optional chain operation does not include 'null' or 'undefined' in 
its type, therefore the '?.' operator can be safely removed. Find more at https://v21.angular.dev/extended-diagnostics/NG8107[0m [1m[35m[plugin 
angular-compiler][0m

    src/app/components/student/exercises.ts:940:129:
[37m      940 Ôöé ...ign:center">{{ [32mactiveWords()?.[currentCardIdx()][37m?.translation ...
          ÔòÁ                   [32m~~~~~~~~~~~~~~~~~~~~~~~~~~~~~~~~~[0m


[33mÔû▓ [43;33m[[43;30mWARNING[43;33m][0m [1mNG8107: NG8107: The left side of this optional chain operation does not include 'null' or 'undefined' in 
its type, therefore the '?.' operator can be safely removed. Find more at https://v21.angular.dev/extended-diagnostics/NG8107[0m [1m[35m[plugin 
angular-compiler][0m

    src/app/components/student/exercises.ts:941:33:
[37m      941 Ôöé ...            @if ([32mactiveWords()?.[currentCardIdx()][37m?.definition) {
          ÔòÁ                     [32m~~~~~~~~~~~~~~~~~~~~~~~~~~~~~~~~~[0m


[33mÔû▓ [43;33m[[43;30mWARNING[43;33m][0m [1mNG8107: NG8107: The left side of this optional chain operation does not include 'null' or 'undefined' in 
its type, therefore the '?.' operator can be safely removed. Find more at https://v21.angular.dev/extended-diagnostics/NG8107[0m [1m[35m[plugin 
angular-compiler][0m

    src/app/components/student/exercises.ts:943:35:
[37m      943 Ôöé ...              {{ [32mactiveWords()?.[currentCardIdx()][37m?.definition }}
          ÔòÁ                     [32m~~~~~~~~~~~~~~~~~~~~~~~~~~~~~~~~~[0m


[33mÔû▓ [43;33m[[43;30mWARNING[43;33m][0m [1mNG8107: NG8107: The left side of this optional chain operation does not include 'null' or 'undefined' in 
its type, therefore the '?.' operator can be safely removed. Find more at https://v21.angular.dev/extended-diagnostics/NG8107[0m [1m[35m[plugin 
angular-compiler][0m

    src/app/components/student/exercises.ts:980:35:
[37m      980 Ôöé ...      <span>{{ [32mactiveWords()?.[wordBuilderIdx()][37m?.translation ...
          ÔòÁ                   [32m~~~~~~~~~~~~~~~~~~~~~~~~~~~~~~~~~[0m


[33mÔû▓ [43;33m[[43;30mWARNING[43;33m][0m [1mNG8107: NG8107: The left side of this optional chain operation does not include 'null' or 'undefined' in 
its type, therefore the '?.' operator can be safely removed. Find more at https://v21.angular.dev/extended-diagnostics/NG8107[0m [1m[35m[plugin 
angular-compiler][0m

    src/app/components/student/exercises.ts:981:53:
[37m      981 Ôöé ...tton (click)="speakWord([32mactiveWords()?.[wordBuilderIdx()][37m?.word)"
          ÔòÁ                            [32m~~~~~~~~~~~~~~~~~~~~~~~~~~~~~~~~~[0m


[33mÔû▓ [43;33m[[43;30mWARNING[43;33m][0m [1mNG8107: NG8107: The left side of this optional chain operation does not include 'null' or 'undefined' in 
its type, therefore the '?.' operator can be safely removed. Find more at https://v21.angular.dev/extended-diagnostics/NG8107[0m [1m[35m[plugin 
angular-compiler][0m

    src/app/components/student/exercises.ts:990:29:
[37m      990 Ôöé ...            @if ([32mactiveWords()?.[wordBuilderIdx()][37m?.definition) {
          ÔòÁ                     [32m~~~~~~~~~~~~~~~~~~~~~~~~~~~~~~~~~[0m


[33mÔû▓ [43;33m[[43;30mWARNING[43;33m][0m [1mNG8107: NG8107: The left side of this optional chain operation does not include 'null' or 'undefined' in 
its type, therefore the '?.' operator can be safely removed. Find more at https://v21.angular.dev/extended-diagnostics/NG8107[0m [1m[35m[plugin 
angular-compiler][0m

    src/app/components/student/exercises.ts:992:31:
[37m      992 Ôöé ...              {{ [32mactiveWords()?.[wordBuilderIdx()][37m?.definition }}
          ÔòÁ                     [32m~~~~~~~~~~~~~~~~~~~~~~~~~~~~~~~~~[0m


[33mÔû▓ [43;33m[[43;30mWARNING[43;33m][0m [1mNG8107: NG8107: The left side of this optional chain operation does not include 'null' or 'undefined' in 
its type, therefore the '?.' operator can be safely removed. Find more at https://v21.angular.dev/extended-diagnostics/NG8107[0m [1m[35m[plugin 
angular-compiler][0m

    src/app/components/student/exercises.ts:1029:35:
[37m      1029 Ôöé ...       <span>{{ [32mactiveWords()?.[hangmanIdx()][37m?.translation }}...
           ÔòÁ                    [32m~~~~~~~~~~~~~~~~~~~~~~~~~~~~~[0m


[33mÔû▓ [43;33m[[43;30mWARNING[43;33m][0m [1mNG8107: NG8107: The left side of this optional chain operation does not include 'null' or 'undefined' in 
its type, therefore the '?.' operator can be safely removed. Find more at https://v21.angular.dev/extended-diagnostics/NG8107[0m [1m[35m[plugin 
angular-compiler][0m

    src/app/components/student/exercises.ts:1030:53:
[37m      1030 Ôöé ...<button (click)="speakWord([32mactiveWords()?.[hangmanIdx()][37m?.word)"
           ÔòÁ                               [32m~~~~~~~~~~~~~~~~~~~~~~~~~~~~~[0m


[33mÔû▓ [43;33m[[43;30mWARNING[43;33m][0m [1mNG8107: NG8107: The left side of this optional chain operation does not include 'null' or 'undefined' in 
its type, therefore the '?.' operator can be safely removed. Find more at https://v21.angular.dev/extended-diagnostics/NG8107[0m [1m[35m[plugin 
angular-compiler][0m

    src/app/components/student/exercises.ts:1039:29:
[37m      1039 Ôöé ...               @if ([32mactiveWords()?.[hangmanIdx()][37m?.definition) {
           ÔòÁ                        [32m~~~~~~~~~~~~~~~~~~~~~~~~~~~~~[0m


[33mÔû▓ [43;33m[[43;30mWARNING[43;33m][0m [1mNG8107: NG8107: The left side of this optional chain operation does not include 'null' or 'undefined' in 
its type, therefore the '?.' operator can be safely removed. Find more at https://v21.angular.dev/extended-diagnostics/NG8107[0m [1m[35m[plugin 
angular-compiler][0m

    src/app/components/student/exercises.ts:1041:31:
[37m      1041 Ôöé ...                 {{ [32mactiveWords()?.[hangmanIdx()][37m?.definition }}
           ÔòÁ                        [32m~~~~~~~~~~~~~~~~~~~~~~~~~~~~~[0m


[33mÔû▓ [43;33m[[43;30mWARNING[43;33m][0m [1mNG8107: NG8107: The left side of this optional chain operation does not include 'null' or 'undefined' in 
its type, therefore the '?.' operator can be safely removed. Find more at https://v21.angular.dev/extended-diagnostics/NG8107[0m [1m[35m[plugin 
angular-compiler][0m

    src/app/components/student/exercises.ts:1081:52:
[37m      1081 Ôöé ...    @if (hasDefinitionOrContext([32mactiveWords()?.[mcGameIdx()][37m)) {
           ÔòÁ                                    [32m~~~~~~~~~~~~~~~~~~~~~~~~~~~~[0m


[33mÔû▓ [43;33m[[43;30mWARNING[43;33m][0m [1mNG8107: NG8107: The left side of this optional chain operation does not include 'null' or 'undefined' in 
its type, therefore the '?.' operator can be safely removed. Find more at https://v21.angular.dev/extended-diagnostics/NG8107[0m [1m[35m[plugin 
angular-compiler][0m

    src/app/components/student/exercises.ts:1084:51:
[37m      1084 Ôöé ...         {{ getMCQuestionPhrase([32mactiveWords()?.[mcGameIdx()][37m) }}
           ÔòÁ                                    [32m~~~~~~~~~~~~~~~~~~~~~~~~~~~~[0m


[33mÔû▓ [43;33m[[43;30mWARNING[43;33m][0m [1mNG8107: NG8107: The left side of this optional chain operation does not include 'null' or 'undefined' in 
its type, therefore the '?.' operator can be safely removed. Find more at https://v21.angular.dev/extended-diagnostics/NG8107[0m [1m[35m[plugin 
angular-compiler][0m

    src/app/components/student/exercises.ts:1087:44:
[37m      1087 Ôöé ...    Traduction : {{ [32mactiveWords()?.[mcGameIdx()][37m?.translation }}
           ÔòÁ                        [32m~~~~~~~~~~~~~~~~~~~~~~~~~~~~[0m


[33mÔû▓ [43;33m[[43;30mWARNING[43;33m][0m [1mNG8107: NG8107: The left side of this optional chain operation does not include 'null' or 'undefined' in 
its type, therefore the '?.' operator can be safely removed. Find more at https://v21.angular.dev/extended-diagnostics/NG8107[0m [1m[35m[plugin 
angular-compiler][0m

    src/app/components/student/exercises.ts:1092:31:
[37m      1092 Ôöé ...                 {{ [32mactiveWords()?.[mcGameIdx()][37m?.translation }}
           ÔòÁ                        [32m~~~~~~~~~~~~~~~~~~~~~~~~~~~~[0m


[33mÔû▓ [43;33m[[43;30mWARNING[43;33m][0m [1mNG8107: NG8107: The left side of this optional chain operation does not include 'null' or 'undefined' in 
its type, therefore the '?.' operator can be safely removed. Find more at https://v21.angular.dev/extended-diagnostics/NG8107[0m [1m[35m[plugin 
angular-compiler][0m

    src/app/components/student/exercises.ts:1094:31:
[37m      1094 Ôöé ...                @if ([32mactiveWords()?.[mcGameIdx()][37m?.definition) {
           ÔòÁ                         [32m~~~~~~~~~~~~~~~~~~~~~~~~~~~~[0m


[33mÔû▓ [43;33m[[43;30mWARNING[43;33m][0m [1mNG8107: NG8107: The left side of this optional chain operation does not include 'null' or 'undefined' in 
its type, therefore the '?.' operator can be safely removed. Find more at https://v21.angular.dev/extended-diagnostics/NG8107[0m [1m[35m[plugin 
angular-compiler][0m

    src/app/components/student/exercises.ts:1096:33:
[37m      1096 Ôöé ...                  {{ [32mactiveWords()?.[mcGameIdx()][37m?.definition }}
           ÔòÁ                         [32m~~~~~~~~~~~~~~~~~~~~~~~~~~~~[0m


[33mÔû▓ [43;33m[[43;30mWARNING[43;33m][0m [1mNG8107: NG8107: The left side of this optional chain operation does not include 'null' or 'undefined' in 
its type, therefore the '?.' operator can be safely removed. Find more at https://v21.angular.dev/extended-diagnostics/NG8107[0m [1m[35m[plugin 
angular-compiler][0m

    src/app/components/student/exercises.ts:1109:155:
[37m      1109 Ôöé ... null && opt === [32mactiveWords()?.[mcGameIdx()][37m?.word ? '#ECFDF...
           ÔòÁ                     [32m~~~~~~~~~~~~~~~~~~~~~~~~~~~~[0m


[33mÔû▓ [43;33m[[43;30mWARNING[43;33m][0m [1mNG8107: NG8107: The left side of this optional chain operation does not include 'null' or 'undefined' in 
its type, therefore the '?.' operator can be safely removed. Find more at https://v21.angular.dev/extended-diagnostics/NG8107[0m [1m[35m[plugin 
angular-compiler][0m

    src/app/components/student/exercises.ts:1110:157:
[37m      1110 Ôöé ... null && opt === [32mactiveWords()?.[mcGameIdx()][37m?.word ? '#10B98...
           ÔòÁ                     [32m~~~~~~~~~~~~~~~~~~~~~~~~~~~~[0m


[33mÔû▓ [43;33m[[43;30mWARNING[43;33m][0m [1mNG8107: NG8107: The left side of this optional chain operation does not include 'null' or 'undefined' in 
its type, therefore the '?.' operator can be safely removed. Find more at https://v21.angular.dev/extended-diagnostics/NG8107[0m [1m[35m[plugin 
angular-compiler][0m

    src/app/components/student/exercises.ts:1111:150:
[37m      1111 Ôöé ... null && opt === [32mactiveWords()?.[mcGameIdx()][37m?.word ? '#065F4...
           ÔòÁ                     [32m~~~~~~~~~~~~~~~~~~~~~~~~~~~~[0m

[39m[22m
[1m[31m[31mX [41;31m[[41;97mERROR[41;31m][0m [1mNG5002: Unexpected closing tag "div". It may happen when the tag has already been closed by another 
tag. For more info see https://www.w3.org/TR/html5/syntax.html#closing-elements-that-have-implied-end-tags[0m [1m[35m[plugin angular-compiler][0m

    src/app/components/teacher/quizzes.ts:434:6:
[37m      434 Ôöé       [32m</div>[37m
          ÔòÁ       [32m~~~~~~[0m


[31mX [41;31m[[41;97mERROR[41;31m][0m [1mNG5002: Unexpected closing block. The block may have been closed earlier. If you meant to write the `}` 
character, you should use the "&#125;" HTML entity instead.[0m [1m[35m[plugin angular-compiler][0m

    src/app/components/teacher/quizzes.ts:435:6:
[37m      435 Ôöé       [32m}[37m
          ÔòÁ       [32m^[0m


[31mX [41;31m[[41;97mERROR[41;31m][0m [1mNG5002: Unexpected closing tag "div". It may happen when the tag has already been closed by another tag. For 
more info see https://www.w3.org/TR/html5/syntax.html#closing-elements-that-have-implied-end-tags[0m [1m[35m[plugin angular-compiler][0m

    src/app/components/teacher/quizzes.ts:436:4:
[37m      436 Ôöé     [32m</div>[37m
          ÔòÁ     [32m~~~~~~[0m

[39m[22m
